// Jest Snapshot v1, https://goo.gl/fbAQLP

exports[`<Profile/> matches snapshot 1`] = `
<div>
  <div>
    <b>
      taeone
    </b>
     
    <span>
      (
      윤태원
      )
    </span>
  </div>
</div>
`;
